// Jest Snapshot v1, https://goo.gl/fbAQLP

exports[`should render Header correctly 1`] = `
ShallowWrapper {
  "length": 1,
  Symbol(enzyme.__root__): [Circular],
  Symbol(enzyme.__unrendered__): <Header />,
  Symbol(enzyme.__renderer__): Object {
    "batchedUpdates": [Function],
    "getNode": [Function],
    "render": [Function],
    "simulateEvent": [Function],
    "unmount": [Function],
  },
  Symbol(enzyme.__node__): Object {
    "instance": null,
    "key": undefined,
    "nodeType": "host",
    "props": Object {
      "children": Array [
        <NavLink
          activeClassName="active"
          ariaCurrent="true"
          to="/"
>
          <img
                    alt="trillo logo"
                    className="logo"
                    src="logo.png"
          />
</NavLink>,
        <form
          action="#"
          className="search"
>
          <input
                    className="search__input"
                    placeholder="Search hotels"
                    type="text"
          />
</form>,
        <button
          className="btn btn--login"
>
          Login
</button>,
      ],
      "className": "header",
    },
    "ref": null,
    "rendered": Array [
      Object {
        "instance": null,
        "key": undefined,
        "nodeType": "function",
        "props": Object {
          "activeClassName": "active",
          "ariaCurrent": "true",
          "children": <img
            alt="trillo logo"
            className="logo"
            src="logo.png"
/>,
          "to": "/",
        },
        "ref": null,
        "rendered": Object {
          "instance": null,
          "key": undefined,
          "nodeType": "host",
          "props": Object {
            "alt": "trillo logo",
            "className": "logo",
            "src": "logo.png",
          },
          "ref": null,
          "rendered": null,
          "type": "img",
        },
        "type": [Function],
      },
      Object {
        "instance": null,
        "key": undefined,
        "nodeType": "host",
        "props": Object {
          "action": "#",
          "children": <input
            className="search__input"
            placeholder="Search hotels"
            type="text"
/>,
          "className": "search",
        },
        "ref": null,
        "rendered": Object {
          "instance": null,
          "key": undefined,
          "nodeType": "host",
          "props": Object {
            "className": "search__input",
            "placeholder": "Search hotels",
            "type": "text",
          },
          "ref": null,
          "rendered": null,
          "type": "input",
        },
        "type": "form",
      },
      Object {
        "instance": null,
        "key": undefined,
        "nodeType": "host",
        "props": Object {
          "children": "Login",
          "className": "btn btn--login",
        },
        "ref": null,
        "rendered": "Login",
        "type": "button",
      },
    ],
    "type": "header",
  },
  Symbol(enzyme.__nodes__): Array [
    Object {
      "instance": null,
      "key": undefined,
      "nodeType": "host",
      "props": Object {
        "children": Array [
          <NavLink
            activeClassName="active"
            ariaCurrent="true"
            to="/"
>
            <img
                        alt="trillo logo"
                        className="logo"
                        src="logo.png"
            />
</NavLink>,
          <form
            action="#"
            className="search"
>
            <input
                        className="search__input"
                        placeholder="Search hotels"
                        type="text"
            />
</form>,
          <button
            className="btn btn--login"
>
            Login
</button>,
        ],
        "className": "header",
      },
      "ref": null,
      "rendered": Array [
        Object {
          "instance": null,
          "key": undefined,
          "nodeType": "function",
          "props": Object {
            "activeClassName": "active",
            "ariaCurrent": "true",
            "children": <img
              alt="trillo logo"
              className="logo"
              src="logo.png"
/>,
            "to": "/",
          },
          "ref": null,
          "rendered": Object {
            "instance": null,
            "key": undefined,
            "nodeType": "host",
            "props": Object {
              "alt": "trillo logo",
              "className": "logo",
              "src": "logo.png",
            },
            "ref": null,
            "rendered": null,
            "type": "img",
          },
          "type": [Function],
        },
        Object {
          "instance": null,
          "key": undefined,
          "nodeType": "host",
          "props": Object {
            "action": "#",
            "children": <input
              className="search__input"
              placeholder="Search hotels"
              type="text"
/>,
            "className": "search",
          },
          "ref": null,
          "rendered": Object {
            "instance": null,
            "key": undefined,
            "nodeType": "host",
            "props": Object {
              "className": "search__input",
              "placeholder": "Search hotels",
              "type": "text",
            },
            "ref": null,
            "rendered": null,
            "type": "input",
          },
          "type": "form",
        },
        Object {
          "instance": null,
          "key": undefined,
          "nodeType": "host",
          "props": Object {
            "children": "Login",
            "className": "btn btn--login",
          },
          "ref": null,
          "rendered": "Login",
          "type": "button",
        },
      ],
      "type": "header",
    },
  ],
  Symbol(enzyme.__options__): Object {
    "adapter": ReactSixteenAdapter {
      "options": Object {
        "enableComponentDidUpdateOnSetState": true,
      },
    },
  },
}
`;
