// Jest Snapshot v1, https://goo.gl/fbAQLP

exports[`should render Hotel Link correctly 1`] = `
<NavLink
  activeClassName="active"
  ariaCurrent="true"
  className="hotel__link"
  to="/hotel/0"
>
  Test Sunset Willow Resort
</NavLink>
`;
