// Jest Snapshot v1, https://goo.gl/fbAQLP

exports[`should render Logo correctly 1`] = `
<NavLink
  activeClassName="active"
  aria-current="page"
  to="/"
>
  <img
    alt="trillo logo"
    className="logo"
    src={null}
  />
</NavLink>
`;
