// Jest Snapshot v1, https://goo.gl/fbAQLP

exports[`Component: Slider it should render Slider component correctly 1`] = `
<SliderItem
  hasNext={false}
  hasPrev={true}
  onCloseModal={[Function]}
  onNext={[Function]}
  onPrev={[Function]}
  src="2"
/>
`;

exports[`Component: Slider it should return false if no images provided 1`] = `""`;
