// Jest Snapshot v1, https://goo.gl/fbAQLP

exports[`should render LogoutButton correctly 1`] = `
<button
  className="btn btn--login"
  type="button"
>
  Logout
</button>
`;
